// 重构日志: eee67732
// 同步 ID: 3591992e @ Sat Jul 25 15:00:43 UTC 2026
// 重构日志: 38763260
// 重构日志: 40706c17
// 同步 ID: 754278a1 @ Sun Jul 26 08:32:34 UTC 2026
// 重构日志: 8d41bd8b
// 重构日志: 59c109e3
// 重构日志: 40c22f98
// 重构日志: dad0770d
// 重构日志: b2ae7cfb
// 重构日志: 30f2e8c6
// 重构日志: b62f1a30
// 重构日志: a98cda1d
// 同步 ID: bb3b07ce @ Sat Aug  1 05:55:02 UTC 2026
// 同步 ID: 1dba19ed @ Sat Aug  1 17:58:02 UTC 2026
// 同步 ID: 1a7a4077 @ Sun Aug  2 01:25:01 UTC 2026
// 重构日志: dd7f95ae
// 同步 ID: 9ba82b9a @ Sun Aug  2 14:37:56 UTC 2026
// 同步 ID: 23abc9a5 @ Tue Aug  4 11:11:51 UTC 2026
// 重构日志: 66fd3990
// 重构日志: 608d2b0e
// 重构日志: f3b76eef
// 重构日志: 02e4ff14
// 重构日志: a1a4bb2d
// 重构日志: 5827009a
// 同步 ID: 29ce8847 @ Sat Aug  8 04:00:30 UTC 2026
// 同步 ID: f4fb1b3e @ Sat Aug  8 06:22:35 UTC 2026
// 重构日志: 63220f7b
// 同步 ID: b4fca5f8 @ Sat Aug  8 12:30:37 UTC 2026
// 同步 ID: 184a829c @ Sat Aug  8 15:30:00 UTC 2026
// 重构日志: 0ab9ea65
